2024-07-05 "e / ee / Gesundheit und Sch√∂nheit / 55 / DRUG STORES and Pharmacies / Belastung"
Liabilities:CreditCard Expenses:TBD                   36 CHF

2024-07-06 "a / aa / Familie & Haushalt / 11 / FAMILY CLOTHING STORES / Belastung"
Liabilities:CreditCard Expenses:TBD                 72.6 CHF

2024-07-06 "b / bb / Auto / 22 / AUTOMOBILE TRUCK DEALERS, SALES, SERVICE / Belastung"
Liabilities:CreditCard Expenses:TBD                    6 CHF

2024-07-06 "c / cc / Lebensmittel / 33 / DEPARTMENT STORES / Belastung"
Liabilities:CreditCard Expenses:TBD                 80.7 CHF

2024-07-06 "d / dd / Lebensmittel / 44 / DEPARTMENT STORES / Belastung"
Liabilities:CreditCard Expenses:TBD                 4.95 CHF

