2018-06-20 price Viac 6768 CHF

2018-06-21 price Viac 6768 CHF

2018-06-22 price Viac 6768 CHF

2018-06-23 price Viac 6768 CHF

2018-06-24 price Viac 6768 CHF

2018-06-25 price Viac 6768 CHF

2018-06-26 price Viac 6768 CHF

2018-06-27 price Viac 6768 CHF

2018-06-28 price Viac 6768 CHF

2018-06-29 price Viac 6768 CHF

2018-06-30 price Viac 6768.56 CHF

2018-07-01 price Viac 6768.56 CHF

2018-07-02 price Viac 6768.56 CHF

2018-07-03 price Viac 6768.56 CHF

2018-07-04 price Viac 6793.77 CHF

2018-07-05 price Viac 6786.95 CHF

2018-07-06 price Viac 6818.09 CHF

2018-07-07 price Viac 6816.76 CHF

2018-07-08 price Viac 6812.31 CHF

2018-07-09 price Viac 6881.79 CHF

2018-07-10 price Viac 6903.97 CHF

2018-07-11 price Viac 6857.79 CHF

2018-07-12 price Viac 6939.11 CHF

2018-07-13 price Viac 6968.08 CHF

2018-07-14 price Viac 6968.3 CHF

2018-07-15 price Viac 6966.33 CHF

2018-07-16 price Viac 6935.47 CHF

2018-07-17 price Viac 6947.13 CHF

2018-07-18 price Viac 6978.66 CHF

2018-07-19 price Viac 6962.41 CHF

2018-07-20 price Viac 6966.1 CHF

2018-07-21 price Viac 6963.55 CHF

2018-07-22 price Viac 6964.9 CHF

2018-07-23 price Viac 6944.74 CHF

2018-07-24 price Viac 6995.19 CHF

2018-07-25 price Viac 6998.11 CHF

2018-07-26 price Viac 7054.53 CHF

2018-07-27 price Viac 7068.34 CHF

2018-07-28 price Viac 7067.45 CHF

2018-07-29 price Viac 7067.08 CHF

2018-07-30 price Viac 7017.89 CHF

2018-07-31 price Viac 7024.84 CHF

2018-08-01 price Viac 7026.37 CHF

2018-08-02 price Viac 7007.03 CHF

2018-08-03 price Viac 7028.85 CHF

2018-08-04 price Viac 7027.83 CHF

2018-08-05 price Viac 7027.92 CHF

2018-08-06 price Viac 7041.52 CHF

2018-08-07 price Viac 7078.9 CHF

2018-08-08 price Viac 7060.63 CHF

2018-08-09 price Viac 7056.46 CHF

2018-08-10 price Viac 6982.79 CHF

2018-08-11 price Viac 6983.99 CHF

2018-08-12 price Viac 6975.43 CHF

2018-08-13 price Viac 6939.79 CHF

2018-08-14 price Viac 6945.33 CHF

2018-08-15 price Viac 6865.75 CHF

2018-08-16 price Viac 6933.14 CHF

2018-08-17 price Viac 6938.23 CHF

2018-08-18 price Viac 6936.98 CHF

2018-08-19 price Viac 6936.63 CHF

2018-08-20 price Viac 6963.51 CHF

2018-08-21 price Viac 6964.76 CHF

2018-08-22 price Viac 6956.7 CHF

2018-08-23 price Viac 6955.11 CHF

2018-08-24 price Viac 6967.32 CHF

2018-08-25 price Viac 6965.84 CHF

2018-08-26 price Viac 6965.84 CHF

2018-08-27 price Viac 7004.14 CHF

2018-08-28 price Viac 6998.1 CHF

2018-08-29 price Viac 6987.9 CHF

2018-08-30 price Viac 6951.77 CHF

2018-08-31 price Viac 6916.46 CHF

2018-09-01 price Viac 6916.44 CHF

2018-09-02 price Viac 6918.04 CHF

2018-09-03 price Viac 6919.29 CHF

2018-09-04 price Viac 6899.41 CHF

2018-09-05 price Viac 6832.91 CHF

2018-09-06 price Viac 6777.82 CHF

2018-09-07 price Viac 6800.99 CHF

2018-09-08 price Viac 6800.37 CHF

2018-09-09 price Viac 6799.15 CHF

2018-09-10 price Viac 6845.31 CHF

2018-09-11 price Viac 6833.01 CHF

2018-09-12 price Viac 6844.36 CHF

2018-09-13 price Viac 6846.63 CHF

2018-09-14 price Viac 6874.24 CHF

2018-09-15 price Viac 6875.07 CHF

2018-09-16 price Viac 6875.17 CHF

2018-09-17 price Viac 6831.83 CHF

2018-09-18 price Viac 6850.03 CHF

2018-09-19 price Viac 6887.87 CHF

2018-09-20 price Viac 6895.63 CHF

2018-09-21 price Viac 6916.43 CHF

2018-09-22 price Viac 6913.91 CHF

2018-09-23 price Viac 6913.75 CHF

2018-09-24 price Viac 6907.01 CHF

2018-09-25 price Viac 6936.07 CHF

2018-09-26 price Viac 6952.12 CHF

2018-09-27 price Viac 7003.64 CHF

2018-09-28 price Viac 7007.67 CHF

2018-09-29 price Viac 7008.16 CHF

2018-09-30 price Viac 6999.49 CHF

2018-10-01 price Viac 7036.34 CHF

2018-10-02 price Viac 7002.31 CHF

2018-10-03 price Viac 7051.92 CHF

2018-10-04 price Viac 6986.37 CHF

2018-10-05 price Viac 6942.43 CHF

2018-10-06 price Viac 6942.4 CHF

2018-10-07 price Viac 6940.96 CHF

2018-10-08 price Viac 6892.11 CHF

2018-10-09 price Viac 6893.1 CHF

2018-10-10 price Viac 6797.21 CHF

2018-10-11 price Viac 6626.36 CHF

2018-10-12 price Viac 6654.04 CHF

2018-10-13 price Viac 6654.25 CHF

2018-10-14 price Viac 6654.4 CHF

2018-10-15 price Viac 6630.76 CHF

2018-10-16 price Viac 6727.8 CHF

2018-10-17 price Viac 6735 CHF

2018-10-18 price Viac 6711.95 CHF

2018-10-19 price Viac 6736.38 CHF

2018-10-20 price Viac 6736.09 CHF

2018-10-21 price Viac 6735.69 CHF

2018-10-22 price Viac 6716.77 CHF

2018-10-23 price Viac 6594.27 CHF

2018-10-24 price Viac 6571.98 CHF

2018-10-25 price Viac 6564.09 CHF

2018-10-26 price Viac 6493.68 CHF

2018-10-27 price Viac 6493.4 CHF

2018-10-28 price Viac 6493.18 CHF

2018-10-29 price Viac 6554.89 CHF

2018-10-30 price Viac 6592.62 CHF

2018-10-31 price Viac 6723.87 CHF

2018-11-01 price Viac 6734.36 CHF

2018-11-02 price Viac 6747.6 CHF

2018-11-03 price Viac 6747.96 CHF

2018-11-04 price Viac 6748.62 CHF

2018-11-05 price Viac 6747.1 CHF

2018-11-06 price Viac 6755.37 CHF

2018-11-07 price Viac 6813.18 CHF

2018-11-08 price Viac 6852.84 CHF

2018-11-09 price Viac 6804.18 CHF

2018-11-10 price Viac 6803.93 CHF

2018-11-11 price Viac 6805.82 CHF

2018-11-12 price Viac 6737.53 CHF

2018-11-13 price Viac 6735.92 CHF

2018-11-14 price Viac 6688.44 CHF

2018-11-15 price Viac 6658.17 CHF

2018-11-16 price Viac 6669.94 CHF

2018-11-17 price Viac 6687.44 CHF

2018-11-18 price Viac 6672.82 CHF

2018-11-19 price Viac 6600.1 CHF

2018-11-20 price Viac 6520.29 CHF

2018-11-21 price Viac 6558.28 CHF

2018-11-22 price Viac 6516.63 CHF

2018-11-23 price Viac 6546.36 CHF

2018-11-24 price Viac 6547.58 CHF

2018-11-25 price Viac 6547.72 CHF

2018-11-26 price Viac 6606.12 CHF

2018-11-27 price Viac 6603.45 CHF

2018-11-28 price Viac 6614.36 CHF

2018-11-29 price Viac 6693.05 CHF

2018-11-30 price Viac 6692.59 CHF

2018-12-01 price Viac 6693.08 CHF

2018-12-02 price Viac 6698.91 CHF

2018-12-03 price Viac 6781.18 CHF

2018-12-04 price Viac 6742.87 CHF

2018-12-05 price Viac 6644.44 CHF

2018-12-06 price Viac 6445.25 CHF

2018-12-07 price Viac 6491.44 CHF

2018-12-08 price Viac 6490.19 CHF

2018-12-09 price Viac 6490.37 CHF

2018-12-10 price Viac 6342 CHF

2018-12-11 price Viac 6445.1 CHF

2018-12-12 price Viac 6540.84 CHF

2018-12-13 price Viac 6520.24 CHF

2018-12-14 price Viac 6461.32 CHF

2018-12-15 price Viac 6460.75 CHF

2018-12-16 price Viac 6460.53 CHF

2018-12-17 price Viac 6379.11 CHF

2018-12-18 price Viac 6316.82 CHF

2018-12-19 price Viac 6332.21 CHF

2018-12-20 price Viac 6185.2 CHF

2018-12-21 price Viac 6197.12 CHF

2018-12-22 price Viac 6175.93 CHF

2018-12-23 price Viac 6175.93 CHF

2018-12-24 price Viac 6167.94 CHF

2018-12-25 price Viac 6168.95 CHF

2018-12-26 price Viac 6197.62 CHF

2018-12-27 price Viac 6091.4 CHF

2018-12-28 price Viac 6192.62 CHF

2018-12-29 price Viac 6193.14 CHF

2018-12-30 price Viac 6192.13 CHF

2018-12-31 price Viac 6200.79 CHF

2019-01-01 price Viac 6195.68 CHF

2019-01-02 price Viac 6234.61 CHF

2019-01-03 price Viac 6191.13 CHF

2019-01-04 price Viac 6288.32 CHF

2019-01-05 price Viac 6286.43 CHF

2019-01-06 price Viac 6285.43 CHF

2019-01-07 price Viac 6301.65 CHF

2019-01-08 price Viac 6337.85 CHF

2019-01-09 price Viac 6384.11 CHF

2019-01-10 price Viac 6447.8 CHF

2019-01-11 price Viac 6456.31 CHF

2019-01-12 price Viac 6456.28 CHF

2019-01-13 price Viac 6457.47 CHF

2019-01-14 price Viac 6416.69 CHF

2019-01-15 price Viac 6484.77 CHF

2019-01-16 price Viac 6532.95 CHF

2019-01-17 price Viac 6555.73 CHF

2019-01-18 price Viac 6650.04 CHF

2019-01-19 price Viac 6651.86 CHF

2019-01-20 price Viac 6648.74 CHF

2019-01-21 price Viac 6654.17 CHF

2019-01-22 price Viac 6614.55 CHF

2019-01-23 price Viac 6594.14 CHF

2019-01-24 price Viac 6604.71 CHF

2019-01-25 price Viac 6641.1 CHF

2019-01-26 price Viac 6638.2 CHF

2019-01-27 price Viac 6639.36 CHF

2019-01-28 price Viac 6582.53 CHF

2019-01-29 price Viac 6623.84 CHF

2019-01-30 price Viac 6660.66 CHF

2019-01-31 price Viac 6701.7 CHF

2019-02-01 price Viac 6719.42 CHF

2019-02-02 price Viac 6719.69 CHF

2019-02-03 price Viac 6718.94 CHF

2019-02-04 price Viac 6734.77 CHF

2019-02-05 price Viac 6804.77 CHF

2019-02-06 price Viac 6812.17 CHF

2019-02-07 price Viac 6739.22 CHF

2019-02-08 price Viac 6682.96 CHF

2019-02-09 price Viac 6689.46 CHF

2019-02-10 price Viac 6686.11 CHF

2019-02-11 price Viac 6740.14 CHF

2019-02-12 price Viac 13636.91 CHF

2019-02-13 price Viac 13675.77 CHF

2019-02-14 price Viac 13642.04 CHF

2019-02-15 price Viac 13691.99 CHF

2019-02-16 price Viac 13692.34 CHF

2019-02-17 price Viac 13689.63 CHF

2019-02-18 price Viac 13719.27 CHF

2019-02-19 price Viac 13702.76 CHF

2019-02-20 price Viac 13736.79 CHF

2019-02-21 price Viac 13734.17 CHF

2019-02-22 price Viac 13758.83 CHF

2019-02-23 price Viac 13759.92 CHF

2019-02-24 price Viac 13758.92 CHF

2019-02-25 price Viac 13798.71 CHF

2019-02-26 price Viac 13804.21 CHF

2019-02-27 price Viac 13779.86 CHF

2019-02-28 price Viac 13751.94 CHF

2019-03-01 price Viac 13772.91 CHF

2019-03-02 price Viac 13772.36 CHF

2019-03-03 price Viac 13767.83 CHF

2019-03-04 price Viac 13787.07 CHF

2019-03-05 price Viac 13800.03 CHF

2019-03-06 price Viac 13781.67 CHF

2019-03-07 price Viac 13733.35 CHF

2019-03-08 price Viac 13600.85 CHF

2019-03-09 price Viac 13600.42 CHF

2019-03-10 price Viac 13600.41 CHF

2019-03-11 price Viac 13759.66 CHF

2019-03-12 price Viac 13795.48 CHF

2019-03-13 price Viac 13827.82 CHF

2019-03-14 price Viac 13877.44 CHF

2019-03-15 price Viac 13929 CHF

2019-03-16 price Viac 13926.68 CHF

2019-03-17 price Viac 13929.26 CHF

2019-03-18 price Viac 13953.14 CHF

2019-03-19 price Viac 14004.7 CHF

2019-03-20 price Viac 13848.49 CHF

2019-03-21 price Viac 13880.17 CHF

2019-03-22 price Viac 13730.84 CHF

2019-03-23 price Viac 13730.58 CHF

2019-03-24 price Viac 13731.4 CHF

2019-03-25 price Viac 13647.67 CHF

2019-03-26 price Viac 13758.28 CHF

2019-03-27 price Viac 13725.3 CHF

2019-03-28 price Viac 13734.08 CHF

2019-03-29 price Viac 13847.84 CHF

2019-03-30 price Viac 13845.33 CHF

2019-03-31 price Viac 13837.78 CHF

2019-04-01 price Viac 14013.92 CHF

2019-04-02 price Viac 14015.18 CHF

2019-04-03 price Viac 14113.12 CHF

2019-04-04 price Viac 14103.67 CHF

2019-04-05 price Viac 14155.77 CHF

2019-04-06 price Viac 14153.33 CHF

2019-04-07 price Viac 14152.17 CHF

2019-04-08 price Viac 14157.6 CHF

2019-04-09 price Viac 14159.15 CHF

2019-04-10 price Viac 14189.93 CHF

2019-04-11 price Viac 14186.81 CHF

2019-04-12 price Viac 14200.82 CHF

2019-04-13 price Viac 14204.19 CHF

2019-04-14 price Viac 14199.81 CHF

2019-04-15 price Viac 14254.87 CHF

2019-04-16 price Viac 14350.66 CHF

2019-04-17 price Viac 14376.06 CHF

2019-04-18 price Viac 14397.21 CHF

2019-04-19 price Viac 14390.71 CHF

2019-04-20 price Viac 14391.41 CHF

2019-04-21 price Viac 14387.37 CHF

2019-04-22 price Viac 14402.7 CHF

2019-04-23 price Viac 14542.26 CHF

2019-04-24 price Viac 14531.09 CHF

2019-04-25 price Viac 14520.81 CHF

2019-04-26 price Viac 14543.48 CHF

2019-04-27 price Viac 14542.39 CHF

2019-04-28 price Viac 14536.75 CHF

2019-04-29 price Viac 14587.22 CHF

2019-04-30 price Viac 14567.82 CHF

2019-05-01 price Viac 14549.52 CHF

2019-05-02 price Viac 14510.02 CHF

2019-05-03 price Viac 14555.66 CHF

2019-05-04 price Viac 14550.14 CHF

2019-05-05 price Viac 14551.95 CHF

2019-05-06 price Viac 14482.05 CHF

2019-05-07 price Viac 14357.7 CHF

2019-05-08 price Viac 14363.69 CHF

2019-05-09 price Viac 14087.18 CHF

2019-05-10 price Viac 14081.13 CHF

2019-05-11 price Viac 14082.11 CHF

2019-05-12 price Viac 14072.61 CHF

2019-05-13 price Viac 13888.03 CHF

2019-05-14 price Viac 13992.87 CHF

2019-05-15 price Viac 14052.27 CHF

2019-05-16 price Viac 14224.98 CHF

2019-05-17 price Viac 14116.66 CHF

2019-05-18 price Viac 14116.9 CHF

2019-05-19 price Viac 14112.11 CHF

2019-05-20 price Viac 13989.86 CHF

2019-05-21 price Viac 14078.21 CHF

2019-05-22 price Viac 14069.45 CHF

2019-05-23 price Viac 13877.38 CHF

2019-05-24 price Viac 13923.91 CHF

2019-05-25 price Viac 13930.46 CHF

2019-05-26 price Viac 13924.6 CHF

2019-05-27 price Viac 13979.48 CHF

2019-05-28 price Viac 13991.3 CHF

2019-05-29 price Viac 13794.93 CHF

2019-05-30 price Viac 13816.63 CHF

2019-05-31 price Viac 13717.49 CHF

2019-06-01 price Viac 13716.18 CHF

2019-06-02 price Viac 13724.36 CHF

2019-06-03 price Viac 13686.49 CHF

2019-06-04 price Viac 13746.28 CHF

2019-06-05 price Viac 13852.72 CHF

2019-06-06 price Viac 13874.55 CHF

2019-06-07 price Viac 13975.8 CHF

2019-06-08 price Viac 13973.78 CHF

2019-06-09 price Viac 13983.28 CHF

2019-06-10 price Viac 13988.59 CHF

2019-06-11 price Viac 14157.49 CHF

2019-06-12 price Viac 14146.46 CHF

2019-06-13 price Viac 14140.02 CHF

2019-06-14 price Viac 14148.86 CHF

2019-06-15 price Viac 14147.76 CHF

2019-06-16 price Viac 14138.2 CHF

2019-06-17 price Viac 14153.5 CHF

2019-06-18 price Viac 14321.53 CHF

2019-06-19 price Viac 14290.54 CHF

2019-06-20 price Viac 14282.37 CHF

2019-06-21 price Viac 14227.14 CHF

2019-06-22 price Viac 14215.84 CHF

2019-06-23 price Viac 14226.75 CHF

2019-06-24 price Viac 14172.87 CHF

2019-06-25 price Viac 14153.64 CHF

2019-06-26 price Viac 14125 CHF

2019-06-27 price Viac 14146.78 CHF

2019-06-28 price Viac 14210.1 CHF

2019-06-29 price Viac 14210.01 CHF

2019-06-30 price Viac 14215.31 CHF

2019-07-01 price Viac 14394.45 CHF

2019-07-02 price Viac 14427.84 CHF

2019-07-03 price Viac 14503.26 CHF

2019-07-04 price Viac 14524.04 CHF

2019-07-05 price Viac 14466.89 CHF

2019-07-06 price Viac 14467.61 CHF

2019-07-07 price Viac 14462.89 CHF

2019-07-08 price Viac 14456.16 CHF

2019-07-09 price Viac 14409.04 CHF

2019-07-10 price Viac 14408.73 CHF

2019-07-11 price Viac 14411.69 CHF

2019-07-12 price Viac 14328.09 CHF

2019-07-13 price Viac 14327.78 CHF

2019-07-14 price Viac 14331.61 CHF

2019-07-15 price Viac 14366.04 CHF

2019-07-16 price Viac 14409.22 CHF

2019-07-17 price Viac 14407.93 CHF

2019-07-18 price Viac 14343.58 CHF

2019-07-19 price Viac 14371.29 CHF

2019-07-20 price Viac 14377.25 CHF

2019-07-21 price Viac 14382.08 CHF

2019-07-22 price Viac 14324.28 CHF

2019-07-23 price Viac 14415.68 CHF

2019-07-24 price Viac 14410.87 CHF

2019-07-25 price Viac 14442.32 CHF

2019-07-26 price Viac 14519.65 CHF

2019-07-27 price Viac 14493.8 CHF

2019-07-28 price Viac 14516.77 CHF

2019-07-29 price Viac 14497.12 CHF

2019-07-30 price Viac 14413.56 CHF

2019-07-31 price Viac 14429.93 CHF

2019-08-01 price Viac 14412.8 CHF

2019-08-02 price Viac 14047.13 CHF

2019-08-03 price Viac 14068.48 CHF

2019-08-04 price Viac 14048.77 CHF

2019-08-05 price Viac 13706.86 CHF

2019-08-06 price Viac 13664.11 CHF

2019-08-07 price Viac 13662.44 CHF

2019-08-08 price Viac 13900.26 CHF

2019-08-09 price Viac 13859.94 CHF

2019-08-10 price Viac 13863.19 CHF

2019-08-11 price Viac 13866.68 CHF

2019-08-12 price Viac 13789.59 CHF

2019-08-13 price Viac 13884.68 CHF

2019-08-14 price Viac 13645.9 CHF

2019-08-15 price Viac 13615.24 CHF

2019-08-16 price Viac 13786.94 CHF

2019-08-17 price Viac 13788.42 CHF

2019-08-18 price Viac 13785.16 CHF

2019-08-19 price Viac 13950.66 CHF

2019-08-20 price Viac 13888.32 CHF

2019-08-21 price Viac 13997.09 CHF

2019-08-22 price Viac 13965.19 CHF

2019-08-23 price Viac 13811.36 CHF

2019-08-24 price Viac 13810.33 CHF

2019-08-25 price Viac 13791.68 CHF

2019-08-26 price Viac 13767.71 CHF

2019-08-27 price Viac 13856.53 CHF

2019-08-28 price Viac 13837.59 CHF

2019-08-29 price Viac 14007.04 CHF

2019-08-30 price Viac 14107.34 CHF

2019-08-31 price Viac 14100.8 CHF

2019-09-01 price Viac 14100.26 CHF

2019-09-02 price Viac 14097.86 CHF

2019-09-03 price Viac 14008.97 CHF

2019-09-04 price Viac 14074.6 CHF

2019-09-05 price Viac 14277.46 CHF

2019-09-06 price Viac 14369.65 CHF

2019-09-07 price Viac 14366.01 CHF

2019-09-08 price Viac 14353.78 CHF

2019-09-09 price Viac 14405.58 CHF

2019-09-10 price Viac 14343.23 CHF

2019-09-11 price Viac 14475.87 CHF

2019-09-12 price Viac 14503.78 CHF

2019-09-13 price Viac 14518.29 CHF

2019-09-14 price Viac 14509.13 CHF

2019-09-15 price Viac 14494.47 CHF

2019-09-16 price Viac 14440.08 CHF

2019-09-17 price Viac 14473.19 CHF

2019-09-18 price Viac 14500.11 CHF

2019-09-19 price Viac 14535.06 CHF

2019-09-20 price Viac 14508.67 CHF

2019-09-21 price Viac 14507.12 CHF

2019-09-22 price Viac 14506.9 CHF

2019-09-23 price Viac 14410.34 CHF

2019-09-24 price Viac 14372.36 CHF

2019-09-25 price Viac 14332.32 CHF

2019-09-26 price Viac 14400.74 CHF

2019-09-27 price Viac 14401.17 CHF

2019-09-28 price Viac 14401.27 CHF

2019-09-29 price Viac 14400.23 CHF

2019-09-30 price Viac 14467.74 CHF

2019-10-01 price Viac 14334.38 CHF

2019-10-02 price Viac 14080.78 CHF

2019-10-03 price Viac 14097.25 CHF

2019-10-04 price Viac 14202.11 CHF

2019-10-05 price Viac 14201.93 CHF

2019-10-06 price Viac 14195.61 CHF

2019-10-07 price Viac 14277.07 CHF

2019-10-08 price Viac 14097.24 CHF

2019-10-09 price Viac 14162.26 CHF

2019-10-10 price Viac 14275.81 CHF

2019-10-11 price Viac 14494.18 CHF

2019-10-12 price Viac 14493.22 CHF

2019-10-13 price Viac 14499.06 CHF

2019-10-14 price Viac 14427.7 CHF

2019-10-15 price Viac 14555.98 CHF

2019-10-16 price Viac 14527.15 CHF

2019-10-17 price Viac 14466.1 CHF

2019-10-18 price Viac 14400.53 CHF

2019-10-19 price Viac 14397.86 CHF

2019-10-20 price Viac 14411.08 CHF

2019-10-21 price Viac 14469.01 CHF

2019-10-22 price Viac 14521.43 CHF

2019-10-23 price Viac 14517.58 CHF

2019-10-24 price Viac 14609.47 CHF

2019-10-25 price Viac 14701.85 CHF

2019-10-26 price Viac 14697.73 CHF

2019-10-27 price Viac 14698.98 CHF

2019-10-28 price Viac 14754.4 CHF

2019-10-29 price Viac 14774.3 CHF

2019-10-30 price Viac 14724.8 CHF

2019-10-31 price Viac 14660.3 CHF

2019-11-01 price Viac 14756.95 CHF

2019-11-02 price Viac 14751.02 CHF

2019-11-03 price Viac 14745.43 CHF

2019-11-04 price Viac 14877.11 CHF

2019-11-05 price Viac 14902.51 CHF

2019-11-06 price Viac 14914.08 CHF

2019-11-07 price Viac 14998.29 CHF

2019-11-08 price Viac 14971.4 CHF

2019-11-09 price Viac 14968.06 CHF

2019-11-10 price Viac 14972.01 CHF

2019-11-11 price Viac 14924.94 CHF

2019-11-12 price Viac 14956.86 CHF

2019-11-13 price Viac 14878.61 CHF

2019-11-14 price Viac 14830.57 CHF

2019-11-15 price Viac 14947.73 CHF

2019-11-16 price Viac 14944.81 CHF

2019-11-17 price Viac 14945.51 CHF

2019-11-18 price Viac 14969.52 CHF

2019-11-19 price Viac 15000.24 CHF

2019-11-20 price Viac 14983.27 CHF

2019-11-21 price Viac 14946.58 CHF

2019-11-22 price Viac 15008.14 CHF

2019-11-23 price Viac 15005.77 CHF

2019-11-24 price Viac 15013.13 CHF

2019-11-25 price Viac 15121.65 CHF

2019-11-26 price Viac 15170.12 CHF

2019-11-27 price Viac 15219.95 CHF

2019-11-28 price Viac 15220.53 CHF

2019-11-29 price Viac 15180.45 CHF

2019-11-30 price Viac 15174.71 CHF

2019-12-01 price Viac 15175.42 CHF

2019-12-02 price Viac 14966.74 CHF

2019-12-03 price Viac 14787.03 CHF

2019-12-04 price Viac 14930.11 CHF

2019-12-05 price Viac 14936.6 CHF

2019-12-06 price Viac 15104.84 CHF

2019-12-07 price Viac 15104.6 CHF

2019-12-08 price Viac 15104.13 CHF

2019-12-09 price Viac 15066.89 CHF

2019-12-10 price Viac 14992.37 CHF

2019-12-11 price Viac 15005.55 CHF

2019-12-12 price Viac 15116.58 CHF

2019-12-13 price Viac 15147.68 CHF

2019-12-14 price Viac 15151.55 CHF

2019-12-15 price Viac 15142.1 CHF

2019-12-16 price Viac 15279.4 CHF

2019-12-17 price Viac 15260.21 CHF

2019-12-18 price Viac 15266.79 CHF

2019-12-19 price Viac 15265.75 CHF

2019-12-20 price Viac 15398.1 CHF

2019-12-21 price Viac 15397.46 CHF

2019-12-22 price Viac 15393.4 CHF

2019-12-23 price Viac 15427.53 CHF

2019-12-24 price Viac 15415.13 CHF

2019-12-25 price Viac 15410.32 CHF

2019-12-26 price Viac 15423.87 CHF

2019-12-27 price Viac 15416.59 CHF

2019-12-28 price Viac 15418.5 CHF

2019-12-29 price Viac 15418.39 CHF

2019-12-30 price Viac 15277.95 CHF

2019-12-31 price Viac 15249.15 CHF

2020-01-01 price Viac 15249.56 CHF

2020-01-02 price Viac 15338.59 CHF

2020-01-03 price Viac 15370.35 CHF

2020-01-04 price Viac 15370.58 CHF

2020-01-05 price Viac 15360.26 CHF

2020-01-06 price Viac 15291.74 CHF

2020-01-07 price Viac 15357.14 CHF

2020-01-08 price Viac 15360.83 CHF

2020-01-09 price Viac 15433.62 CHF

2020-01-10 price Viac 15439.08 CHF

2020-01-11 price Viac 15435.43 CHF

2020-01-12 price Viac 15443.53 CHF

2020-01-13 price Viac 15428.46 CHF

2020-01-14 price Viac 15438.23 CHF

2020-01-15 price Viac 15424.87 CHF

2020-01-16 price Viac 15458.9 CHF

2020-01-17 price Viac 15610.21 CHF

2020-01-18 price Viac 15603.74 CHF

2020-01-19 price Viac 15611.11 CHF

2020-01-20 price Viac 15621.28 CHF

2020-01-21 price Viac 15616.85 CHF

2020-01-22 price Viac 15637.07 CHF

2020-01-23 price Viac 22354.6 CHF

2020-01-24 price Viac 22427.82 CHF

2020-01-25 price Viac 22428.62 CHF

2020-01-26 price Viac 22424.18 CHF

2020-01-27 price Viac 22144.45 CHF

2020-01-28 price Viac 22285.08 CHF

2020-01-29 price Viac 22322.81 CHF

2020-01-30 price Viac 22115.41 CHF

2020-01-31 price Viac 21949 CHF

2020-02-01 price Viac 21951.02 CHF

2020-02-02 price Viac 21952.33 CHF

2020-02-03 price Viac 22003 CHF

2020-02-04 price Viac 22237.26 CHF

2020-02-05 price Viac 22538.49 CHF

2020-02-06 price Viac 22708.55 CHF

2020-02-07 price Viac 22684.04 CHF

2020-02-08 price Viac 22689.48 CHF

2020-02-09 price Viac 22678.96 CHF

2020-02-10 price Viac 22688.69 CHF

2020-02-11 price Viac 22825.32 CHF

2020-02-12 price Viac 22917.16 CHF

2020-02-13 price Viac 22910.58 CHF

2020-02-14 price Viac 22982.11 CHF

2020-02-15 price Viac 22983.94 CHF

2020-02-16 price Viac 22980.93 CHF

2020-02-17 price Viac 23011.46 CHF

2020-02-18 price Viac 22897.24 CHF

2020-02-19 price Viac 23085.2 CHF

2020-02-20 price Viac 22876.21 CHF

2020-02-21 price Viac 22737.05 CHF

2020-02-22 price Viac 22739.51 CHF

2020-02-23 price Viac 22750.98 CHF

2020-02-24 price Viac 22064.39 CHF

2020-02-25 price Viac 21674.54 CHF

2020-02-26 price Viac 21620.91 CHF

2020-02-27 price Viac 21000.19 CHF

2020-02-28 price Viac 20212.28 CHF

2020-02-29 price Viac 20200.66 CHF

2020-03-01 price Viac 20199.49 CHF

2020-03-02 price Viac 20487.18 CHF

2020-03-03 price Viac 20707.07 CHF

2020-03-04 price Viac 21035.2 CHF

2020-03-05 price Viac 20576.79 CHF

2020-03-06 price Viac 19909.49 CHF

2020-03-07 price Viac 19901.31 CHF

2020-03-08 price Viac 19808.06 CHF

2020-03-09 price Viac 18502.72 CHF

2020-03-10 price Viac 18909.92 CHF

2020-03-11 price Viac 18488.91 CHF

2020-03-12 price Viac 16865.52 CHF

2020-03-13 price Viac 17492.79 CHF

2020-03-14 price Viac 17497.38 CHF

2020-03-15 price Viac 17468.09 CHF

2020-03-16 price Viac 16308.93 CHF

2020-03-17 price Viac 16918.24 CHF

2020-03-18 price Viac 16370.03 CHF

2020-03-19 price Viac 16883.63 CHF

2020-03-20 price Viac 16681.62 CHF

2020-03-21 price Viac 16678.75 CHF

2020-03-22 price Viac 16677.1 CHF

2020-03-23 price Viac 16000.31 CHF

2020-03-24 price Viac 17203.41 CHF

2020-03-25 price Viac 17648.44 CHF

2020-03-26 price Viac 18101.69 CHF

2020-03-27 price Viac 17592.88 CHF

2020-03-28 price Viac 17588.98 CHF

2020-03-29 price Viac 17592.9 CHF

2020-03-30 price Viac 17984.97 CHF

2020-03-31 price Viac 18063.12 CHF

2020-04-01 price Viac 17606.21 CHF

2020-04-02 price Viac 17836.79 CHF

2020-04-03 price Viac 17730.74 CHF

2020-04-04 price Viac 17728.74 CHF

2020-04-05 price Viac 17722.77 CHF

2020-04-06 price Viac 18479.98 CHF

2020-04-07 price Viac 18579.28 CHF

2020-04-08 price Viac 18782.54 CHF

2020-04-09 price Viac 18899.89 CHF

2020-04-10 price Viac 18888.56 CHF

2020-04-11 price Viac 18896.35 CHF

2020-04-12 price Viac 18895 CHF

2020-04-13 price Viac 18912.53 CHF

2020-04-14 price Viac 19127.2 CHF

2020-04-15 price Viac 18762.35 CHF

2020-04-16 price Viac 18892.61 CHF

2020-04-17 price Viac 19304.77 CHF

2020-04-18 price Viac 19302.13 CHF

2020-04-19 price Viac 19308.32 CHF

2020-04-20 price Viac 19299.16 CHF

2020-04-21 price Viac 18823.53 CHF

2020-04-22 price Viac 19114.14 CHF

2020-04-23 price Viac 19199.28 CHF

2020-04-24 price Viac 19203.68 CHF

2020-04-25 price Viac 19205.65 CHF

2020-04-26 price Viac 19204.81 CHF

2020-04-27 price Viac 19558.85 CHF

2020-04-28 price Viac 19674.04 CHF

2020-04-29 price Viac 19963.69 CHF

2020-04-30 price Viac 19599.74 CHF

2020-05-01 price Viac 19564.18 CHF

2020-05-02 price Viac 19565.74 CHF

2020-05-03 price Viac 19559.61 CHF

2020-05-04 price Viac 19092.97 CHF

2020-05-05 price Viac 19402.78 CHF

2020-05-06 price Viac 19425.57 CHF

2020-05-07 price Viac 19534.28 CHF

2020-05-08 price Viac 19739.18 CHF

2020-05-09 price Viac 19722.54 CHF

2020-05-10 price Viac 19732.94 CHF

2020-05-11 price Viac 19785.86 CHF

2020-05-12 price Viac 19617.25 CHF

2020-05-13 price Viac 19395.01 CHF

2020-05-14 price Viac 19071.72 CHF

2020-05-15 price Viac 19149.23 CHF

2020-05-16 price Viac 19149.97 CHF

2020-05-17 price Viac 19149.51 CHF

2020-05-18 price Viac 19689.92 CHF

2020-05-19 price Viac 19699.33 CHF

2020-05-20 price Viac 19814 CHF

2020-05-21 price Viac 19883.5 CHF

2020-05-22 price Viac 19675.98 CHF

2020-05-23 price Viac 19676.03 CHF

2020-05-24 price Viac 19682 CHF

2020-05-25 price Viac 19815.05 CHF

2020-05-26 price Viac 19996.75 CHF

2020-05-27 price Viac 20064.31 CHF

2020-05-28 price Viac 20218.26 CHF

2020-05-29 price Viac 20132.98 CHF

2020-05-30 price Viac 20134.16 CHF

2020-05-31 price Viac 20120.78 CHF

2020-06-01 price Viac 20126.44 CHF

2020-06-02 price Viac 20499.75 CHF

2020-06-03 price Viac 20874.09 CHF

2020-06-04 price Viac 20702.9 CHF

2020-06-05 price Viac 21149.14 CHF

2020-06-06 price Viac 21151.24 CHF

2020-06-07 price Viac 21132.68 CHF

2020-06-08 price Viac 21146.68 CHF

2020-06-09 price Viac 20988.4 CHF

2020-06-10 price Viac 20846.5 CHF

2020-06-11 price Viac 20030.81 CHF

2020-06-12 price Viac 20161.51 CHF

2020-06-13 price Viac 20159.05 CHF

2020-06-14 price Viac 20163.7 CHF

2020-06-15 price Viac 20149.97 CHF

2020-06-16 price Viac 20599.91 CHF

2020-06-17 price Viac 20670.97 CHF

2020-06-18 price Viac 20676.82 CHF

2020-06-19 price Viac 20721.26 CHF

2020-06-20 price Viac 20721.96 CHF

2020-06-21 price Viac 20717.64 CHF

2020-06-22 price Viac 20637.08 CHF

2020-06-23 price Viac 20772.69 CHF

2020-06-24 price Viac 20395.81 CHF

2020-06-25 price Viac 20502 CHF

2020-06-26 price Viac 20284.4 CHF

2020-06-27 price Viac 20285.25 CHF

2020-06-28 price Viac 20285.9 CHF

2020-06-29 price Viac 20432.51 CHF

2020-06-30 price Viac 20487.31 CHF

2020-07-01 price Viac 20543.2 CHF

2020-07-02 price Viac 20751.56 CHF

2020-07-03 price Viac 20716.64 CHF

2020-07-04 price Viac 20715.59 CHF

2020-07-05 price Viac 20715.28 CHF

2020-07-06 price Viac 21010.32 CHF

2020-07-07 price Viac 20874.46 CHF

2020-07-08 price Viac 20877.43 CHF

2020-07-09 price Viac 20837.9 CHF

2020-07-10 price Viac 20972.26 CHF

2020-07-11 price Viac 20974.09 CHF

2020-07-12 price Viac 20969.37 CHF

2020-07-13 price Viac 21021.52 CHF

2020-07-14 price Viac 21017.35 CHF

2020-07-15 price Viac 21386.14 CHF

2020-07-16 price Viac 21267.2 CHF

2020-07-17 price Viac 21218.56 CHF

2020-07-18 price Viac 21216.36 CHF

2020-07-19 price Viac 21236.8 CHF

2020-07-20 price Viac 21380.21 CHF

2020-07-21 price Viac 21368.81 CHF

2020-07-22 price Viac 21317.76 CHF

2020-07-23 price Viac 21147.68 CHF

2020-07-24 price Viac 20844.52 CHF

2020-07-25 price Viac 20844.32 CHF

2020-07-26 price Viac 20846.77 CHF

2020-07-27 price Viac 20983.51 CHF

2020-07-28 price Viac 20912.51 CHF

2020-07-29 price Viac 20945.22 CHF

2020-07-30 price Viac 20693.79 CHF

2020-07-31 price Viac 20653.51 CHF

2020-08-01 price Viac 20650.75 CHF

2020-08-02 price Viac 20655.42 CHF

2020-08-03 price Viac 20969.05 CHF

2020-08-04 price Viac 20951.57 CHF

2020-08-05 price Viac 20953.93 CHF

2020-08-06 price Viac 20994.59 CHF

2020-08-07 price Viac 20991.65 CHF

2020-08-08 price Viac 20984.87 CHF

2020-08-09 price Viac 20990.18 CHF

2020-08-10 price Viac 21049.38 CHF

2020-08-11 price Viac 21149.59 CHF

2020-08-12 price Viac 21320.54 CHF

2020-08-13 price Viac 21284.49 CHF

2020-08-14 price Viac 21181.36 CHF

2020-08-15 price Viac 21179.68 CHF

2020-08-16 price Viac 21183.95 CHF

2020-08-17 price Viac 21246.69 CHF

2020-08-18 price Viac 21201.1 CHF

2020-08-19 price Viac 21409.65 CHF

2020-08-20 price Viac 21213.39 CHF

2020-08-21 price Viac 21279 CHF

2020-08-22 price Viac 21279.23 CHF

2020-08-23 price Viac 21283.1 CHF

2020-08-24 price Viac 21498.61 CHF

2020-08-25 price Viac 21439.56 CHF

2020-08-26 price Viac 21626.23 CHF

2020-08-27 price Viac 21564.18 CHF

2020-08-28 price Viac 21516.29 CHF

2020-08-29 price Viac 21513.79 CHF

2020-08-30 price Viac 21517.35 CHF

2020-08-31 price Viac 21455.31 CHF

2020-09-01 price Viac 21631.16 CHF

2020-09-02 price Viac 21918.16 CHF

2020-09-03 price Viac 21447.45 CHF

2020-09-04 price Viac 21300.42 CHF

2020-09-05 price Viac 21304.82 CHF

2020-09-06 price Viac 21311.55 CHF

2020-09-07 price Viac 21484.45 CHF

2020-09-08 price Viac 21206.13 CHF

2020-09-09 price Viac 21419.34 CHF

2020-09-10 price Viac 21244.54 CHF

2020-09-11 price Viac 21281.92 CHF

2020-09-12 price Viac 21283.95 CHF

2020-09-13 price Viac 21283.71 CHF

2020-09-14 price Viac 21434.99 CHF

2020-09-15 price Viac 21544.59 CHF

2020-09-16 price Viac 21585.59 CHF

2020-09-17 price Viac 21445.73 CHF

2020-09-18 price Viac 21430.12 CHF

2020-09-19 price Viac 21429.15 CHF

2020-09-20 price Viac 21419.59 CHF

2020-09-21 price Viac 21091.71 CHF

2020-09-22 price Viac 21227.81 CHF

2020-09-23 price Viac 21102.56 CHF

2020-09-24 price Viac 20997.23 CHF

2020-09-25 price Viac 21143.25 CHF

2020-09-26 price Viac 21143.71 CHF

2020-09-27 price Viac 21139.03 CHF

2020-09-28 price Viac 21383.44 CHF

2020-09-29 price Viac 21247.24 CHF

2020-09-30 price Viac 21290.01 CHF

2020-10-01 price Viac 21354.95 CHF

2020-10-02 price Viac 21317.17 CHF

2020-10-03 price Viac 21312.91 CHF

2020-10-04 price Viac 21292.39 CHF

2020-10-05 price Viac 21497.35 CHF

2020-10-06 price Viac 21405.34 CHF

2020-10-07 price Viac 21505.5 CHF

2020-10-08 price Viac 21677.05 CHF

2020-10-09 price Viac 21695.09 CHF

2020-10-10 price Viac 21696.4 CHF

2020-10-11 price Viac 21709 CHF

2020-10-12 price Viac 21898.11 CHF

2020-10-13 price Viac 21881.64 CHF

2020-10-14 price Viac 21790.05 CHF

2020-10-15 price Viac 21532.01 CHF

2020-10-16 price Viac 21653.05 CHF

2020-10-17 price Viac 21651.12 CHF

2020-10-18 price Viac 21654.29 CHF

2020-10-19 price Viac 21482.22 CHF

2020-10-20 price Viac 21454.68 CHF

2020-10-21 price Viac 21297.84 CHF

2020-10-22 price Viac 21339.33 CHF

2020-10-23 price Viac 21365.84 CHF

2020-10-24 price Viac 21359.94 CHF

2020-10-25 price Viac 21364.71 CHF

2020-10-26 price Viac 21154.33 CHF

2020-10-27 price Viac 21070.13 CHF

2020-10-28 price Viac 20519.95 CHF

2020-10-29 price Viac 20619.76 CHF

2020-10-30 price Viac 20533.49 CHF

2020-10-31 price Viac 20510.79 CHF

2020-11-01 price Viac 20510.76 CHF

2020-11-02 price Viac 20821.19 CHF

2020-11-03 price Viac 21123.2 CHF

2020-11-04 price Viac 21553.48 CHF

2020-11-05 price Viac 21765.04 CHF

2020-11-06 price Viac 21751.88 CHF

2020-11-07 price Viac 21742.58 CHF

2020-11-08 price Viac 21742.01 CHF

2020-11-09 price Viac 22247.19 CHF

2020-11-10 price Viac 22233.88 CHF

2020-11-11 price Viac 22479.34 CHF

2020-11-12 price Viac 22330.99 CHF

2020-11-13 price Viac 22405.34 CHF

2020-11-14 price Viac 22406.04 CHF

2020-11-15 price Viac 22408.16 CHF

2020-11-16 price Viac 22672.47 CHF

2020-11-17 price Viac 22610.01 CHF

2020-11-18 price Viac 22563.66 CHF

2020-11-19 price Viac 22515.63 CHF

2020-11-20 price Viac 22521.91 CHF

2020-11-21 price Viac 22518.29 CHF

2020-11-22 price Viac 22518.19 CHF

2020-11-23 price Viac 22578.93 CHF

2020-11-24 price Viac 22780.74 CHF

2020-11-25 price Viac 22729.85 CHF

2020-11-26 price Viac 22738.7 CHF

2020-11-27 price Viac 22720.39 CHF

2020-11-28 price Viac 22725.71 CHF

