@performance(SYM)
2015-05-05 "Capital Gain SYM NAME CH00XX"
Income:Dividends  Assets:Swissquote         82 CHF

@performance(USD)
2017-12-30 "Zins"
Income:Interest   Assets:Swissquote       0.19 USD

2020-05-27 "Einzahlung"
Expenses:TBD      Assets:Swissquote    3656.89 USD

@performance()
2020-09-30 "Depotgeb√ºhren"
Assets:Swissquote Expenses:Fees          45.52 CHF

@performance(VWRL,CHF)
2020-10-09 "76396333 Kauf 8 x VWRL Vanguard All World ETF Dist IE00B3RBWM25 @ 87.6 CHF"
Expenses:Trading  Assets:Swissquote          8 VWRL
Assets:Swissquote Expenses:Trading       700.8 CHF
Assets:Swissquote Expenses:Fees           12.9 CHF

@performance(VWRL)
2020-10-09 "Dividende VWRL Vanguard All World ETF Dist IE00B3RBWM25"
Income:Dividends  Assets:Swissquote       23.8 USD

@performance(CHF,USD)
2020-10-09 "Forex-Gutschrift 830.07 CHF / Forex-Belastung -918 USD"
Expenses:Trading  Assets:Swissquote     830.07 CHF
Assets:Swissquote Expenses:Trading         918 USD

