2022-03-07 "desc2"
Expenses:TBD       Assets:Postfinance       4.95 CHF

2022-03-07 "desc3"
Assets:Postfinance Expenses:TBD           1139.6 CHF

2022-03-08 "desc1 bar foo"
Assets:Postfinance Expenses:TBD               19 CHF

